#-----------------------------------------------------------
# Vivado v2025.1 (64-bit)
# SW Build 6140274 on Thu May 22 00:12:29 MDT 2025
# IP Build 6138677 on Thu May 22 03:10:11 MDT 2025
# SharedData Build 6139179 on Tue May 20 17:58:58 MDT 2025
# Start of session at: Tue Dec  9 14:13:05 2025
# Process ID         : 31564
# Current directory  : C:/KBS_CE_DOOM/KBS-DOOM/KBS-DOOM/KBS-DOOM.runs/system_ps2_sync_0_0_synth_1
# Command line       : vivado.exe -log system_ps2_sync_0_0.vds -product Vivado -mode batch -messageDb vivado.pb -notrace -source system_ps2_sync_0_0.tcl
# Log file           : C:/KBS_CE_DOOM/KBS-DOOM/KBS-DOOM/KBS-DOOM.runs/system_ps2_sync_0_0_synth_1/system_ps2_sync_0_0.vds
# Journal file       : C:/KBS_CE_DOOM/KBS-DOOM/KBS-DOOM/KBS-DOOM.runs/system_ps2_sync_0_0_synth_1\vivado.jou
# Running On         : DESKTOP-NOIGLTL
# Platform           : Windows Server 2016 or Windows 10
# Operating System   : 26100
# Processor Detail   : Intel(R) Core(TM) i5-10210U CPU @ 1.60GHz
# CPU Frequency      : 2112 MHz
# CPU Physical cores : 4
# CPU Logical cores  : 8
# Host memory        : 16942 MB
# Swap memory        : 11379 MB
# Total Virtual      : 28322 MB
# Available Virtual  : 2098 MB
#-----------------------------------------------------------
source system_ps2_sync_0_0.tcl -notrace
