#-----------------------------------------------------------
# Vivado v2025.1 (64-bit)
# SW Build 6140274 on Thu May 22 00:12:29 MDT 2025
# IP Build 6138677 on Thu May 22 03:10:11 MDT 2025
# SharedData Build 6139179 on Tue May 20 17:58:58 MDT 2025
# Start of session at: Sun Dec  7 13:23:59 2025
# Process ID         : 18672
# Current directory  : C:/Users/lucas/Documents/GitHub/block/ddr2_test/ddr2_test.runs/synth_1
# Command line       : vivado.exe -log system_wrapper.vds -product Vivado -mode batch -messageDb vivado.pb -notrace -source system_wrapper.tcl
# Log file           : C:/Users/lucas/Documents/GitHub/block/ddr2_test/ddr2_test.runs/synth_1/system_wrapper.vds
# Journal file       : C:/Users/lucas/Documents/GitHub/block/ddr2_test/ddr2_test.runs/synth_1\vivado.jou
# Running On         : LAPTOP-61978DQ3
# Platform           : Windows Server 2016 or Windows 10
# Operating System   : 26200
# Processor Detail   : AMD Ryzen 7 5800H with Radeon Graphics         
# CPU Frequency      : 3194 MHz
# CPU Physical cores : 8
# CPU Logical cores  : 16
# Host memory        : 16476 MB
# Swap memory        : 28991 MB
# Total Virtual      : 45467 MB
# Available Virtual  : 21144 MB
#-----------------------------------------------------------
source system_wrapper.tcl -notrace
